main.c:74:6:HAL_TIM_PeriodElapsedCallback	16	static
main.c:85:6:HAL_GPIO_EXTI_Callback	16	static
main.c:114:6:subiendo	8	static
main.c:122:6:subidof	8	static
main.c:126:6:bajando	8	static
main.c:135:6:bajadof	8	static
main.c:139:6:InitializeTimer	8	static
main.c:145:6:subir_persiana	8	static
main.c:157:6:bajar_persiana	8	static
main.c:175:5:main	8	static
main.c:249:6:SystemClock_Config	88	static
main.c:293:13:MX_ADC1_Init	24	static
main.c:343:13:MX_TIM2_Init	32	static
main.c:388:13:MX_GPIO_Init	40	static
main.c:432:6:Error_Handler	4	static
